student05:~/environment $ cd webtest/
student05:~/environment/webtest (master|MERGING) $ git add *
student05:~/environment/webtest (master|MERGING) $ git commit -m "merged local with remote"
[master 1a03571] merged local with remote
 Committer: EC2 Default User <ec2-user@ip-10-0-0-13.ec2.internal>
Your name and email address were configured automatically based
on your username and hostname. Please check that they are accurate.
You can suppress this message by setting them explicitly:

    git config --global user.name "Your Name"
    git config --global user.email you@example.com

After doing this, you may fix the identity used for this commit with:

    git commit --amend --reset-author

student05:~/environment/webtest (master) $ git push
Username for 'https://github.com': chiya07
Password for 'https://chiya07@github.com': 
Counting objects: 6, done.
Compressing objects: 100% (4/4), done.
Writing objects: 100% (6/6), 607 bytes | 607.00 KiB/s, done.
Total 6 (delta 2), reused 0 (delta 0)
remote: Resolving deltas: 100% (2/2), completed with 1 local object.
To https://github.com/chiya07/webtest.git
   0348bca..1a03571  master -> master
student05:~/environment/webtest (master) $ git pull
Already up-to-date.
student05:~/environment/webtest (master) $ git branch
* master
  test
student05:~/environment/webtest (master) $ history
    1  git
    2  git clone 
    3  git clone https://github.com/chiya07/webtest.git
    4  ls -la
    5  cd webtest
    6  ls -la
    7  git status
    8  git add *
    9  git status
   10  git commit -m "test commit"
   11  git log
   12  git diff
   13  git diff 933d67c58f6cafaa2a996f7a67cd17e288bfdf94
   14  git diff *
   15  git push
   16  git branch -v
   17  cd ..
   18  git branch -v
   19  cd webtest/
   20  git branch test
   21  git branch
   22  git branch -v
   23  git checkout test
   24  git branch -v
   25  git add *
   26  git commit
   27  git commit -m "commiting from test branch"
   28  git log
   29  git branch -v
   30  git branch master
   31  git branch -s master
   32  git checkout master
   33  git merge test
   34  git branch -v
   35   git checkout test
   36  git add *
   37  git commit -m "committing to test branch"
   38  git log
   39  git branch -v
   40  git checkout master
   41  git add *
   42  git commit -m "comitting to master"
   43  git merge test
   44  git diff
   45  git branch -v
   46  git log
   47  git add *
   48  git commit -m "sample three way merge"
   49  git branch -v
   50  git remote -v
   51  git push
   52  git add *
   53  git commit -m "This is local master commit"
   54  git push
   55  git pull
   56  cd webtest/
   57  git add *
   58  git commit -m "merged local with remote"
   59  git push
   60  git pull
   61  git branch
   62  history
student05:~/environment/webtest (master) $ git add *
student05:~/environment/webtest (master) $ git commit -m "added lab related files"
[master fe62c35] added lab related files
 Committer: EC2 Default User <ec2-user@ip-10-0-0-13.ec2.internal>
Your name and email address were configured automatically based
on your username and hostname. Please check that they are accurate.
You can suppress this message by setting them explicitly:

    git config --global user.name "Your Name"
    git config --global user.email you@example.com

After doing this, you may fix the identity used for this commit with:

    git commit --amend --reset-author

 2 files changed, 427 insertions(+)
 create mode 100644 Git LAB Output/terminal history.txt
 create mode 100644 Git LAB Output/terminal-1 output.txt
student05:~/environment/webtest (master) $ git push
Username for 'https://github.com': chiya07
Password for 'https://chiya07@github.com': 
Counting objects: 5, done.
Compressing objects: 100% (4/4), done.
Writing objects: 100% (5/5), 4.84 KiB | 2.42 MiB/s, done.
Total 5 (delta 0), reused 0 (delta 0)
To https://github.com/chiya07/webtest.git
   1a03571..fe62c35  master -> master
student05:~/environment/webtest (master) $ git pull origin testing
From https://github.com/chiya07/webtest
 * branch            testing    -> FETCH_HEAD
 * [new branch]      testing    -> origin/testing
Already up-to-date.
student05:~/environment/webtest (master) $ git branch -v
* master fe62c35 added lab related files
  test   33acf15 committing to test branch
student05:~/environment/webtest (master) $ git branch -v --all
* master                 fe62c35 added lab related files
  test                   33acf15 committing to test branch
  remotes/origin/master  fe62c35 added lab related files
  remotes/origin/testing 1a03571 merged local with remote
student05:~/environment/webtest (master) $ git push --set-upstream origin testing
error: src refspec testing does not match any.
error: failed to push some refs to 'https://github.com/chiya07/webtest.git'
student05:~/environment/webtest (master) $ git push -u testing
fatal: 'testing' does not appear to be a git repository
fatal: Could not read from remote repository.

Please make sure you have the correct access rights
and the repository exists.
student05:~/environment/webtest (master) $ git push -u origin/testing
fatal: 'origin/testing' does not appear to be a git repository
fatal: Could not read from remote repository.

Please make sure you have the correct access rights
and the repository exists.
student05:~/environment/webtest (master) $ 